******************************************************************************
                  TI ARM Linker PC v18.1.4                     
******************************************************************************
>> Linked Wed Feb 20 20:09:54 2019

OUTPUT FILE NAME:   <Sonar.out>
ENTRY POINT SYMBOL: "_c_int00_noargs"  address: 00002451


MEMORY CONFIGURATION

         name            origin    length      used     unused   attr    fill
----------------------  --------  ---------  --------  --------  ----  --------
  MAIN                  00000000   00040000  000026cf  0003d931  R  X
  INFO                  00200000   00004000  00000000  00004000  R  X
  SRAM_CODE             01000000   00010000  00000210  0000fdf0  RW X
  SRAM_DATA             20000000   00010000  00000210  0000fdf0  RW  


SEGMENT ALLOCATION MAP

run origin  load origin   length   init length attrs members
----------  ----------- ---------- ----------- ----- -------
00000000    00000000    000026d4   000026d4    r-x
  00000000    00000000    000000e4   000000e4    r-- .intvecs
  000000e4    000000e4    000024c4   000024c4    r-x .text
  000025a8    000025a8    0000010b   0000010b    r-- .const
  000026b8    000026b8    0000001c   0000001c    r-- .cinit
20000000    20000000    00000010   00000000    rw-
  20000000    20000000    00000010   00000000    rw- .data
2000fe00    2000fe00    00000200   00000000    rw-
  2000fe00    2000fe00    00000200   00000000    rw- .stack


SECTION ALLOCATION MAP

 output                                  attributes/
section   page    origin      length       input sections
--------  ----  ----------  ----------   ----------------
.intvecs   0    00000000    000000e4     
                  00000000    000000e4     startup_msp432p401r_ccs.obj (.intvecs:retain)

.text      0    000000e4    000024c4     
                  000000e4    00000a5e     rtsv7M4_T_le_v4SPD16_eabi.lib : _printfi.c.obj (.text:__TI_printfi)
                  00000b42    00000002                                   : div0.asm.obj (.text)
                  00000b44    00000334     system_msp432p401r.obj (.text)
                  00000e78    000002d4     main.obj (.text)
                  0000114c    00000270     rtsv7M4_T_le_v4SPD16_eabi.lib : _printfi.c.obj (.text:_pconv_a)
                  000013bc    000001d0                                   : _printfi.c.obj (.text:_pconv_g)
                  0000158c    000001b6                                   : fd_add_t2.asm.obj (.text)
                  00001742    00000002     --HOLE-- [fill = 0]
                  00001744    0000013c                                   : _printfi.c.obj (.text:_pconv_e)
                  00001880    00000136                                   : fd_div_t2.asm.obj (.text)
                  000019b6    00000002     --HOLE-- [fill = 0]
                  000019b8    00000124                                   : _printfi.c.obj (.text:fcvt)
                  00001adc    00000110                                   : s_scalbn.c.obj (.text:scalbn)
                  00001bec    000000fc                                   : fd_mul_t2.asm.obj (.text)
                  00001ce8    000000b1                                   : _printfi.c.obj (.text:_ltostr)
                  00001d99    00000001     --HOLE-- [fill = 0]
                  00001d9a    0000009c                                   : memcpy_t2.asm.obj (.text)
                  00001e36    00000096                                   : ull_div_t2.asm.obj (.text)
                  00001ecc    00000086                                   : fd_cmp_t2.asm.obj (.text:__aeabi_cdcmple)
                  00001f52    00000086                                   : fd_cmp_t2.asm.obj (.text:__aeabi_cdrcmple)
                  00001fd8    0000007a                                   : memset_t2.asm.obj (.text)
                  00002052    0000006e                                   : _printfi.c.obj (.text:_mcpy)
                  000020c0    0000006e                                   : fd_tos_t2.asm.obj (.text)
                  0000212e    00000068                                   : copy_decompress_lzss.c.obj (.text:decompress:lzss:__TI_decompress_lzss)
                  00002196    00000002     --HOLE-- [fill = 0]
                  00002198    00000064                                   : s_frexp.c.obj (.text:frexp)
                  000021fc    00000056                                   : _printfi.c.obj (.text:_pconv_f)
                  00002252    00000054                                   : ltoa.c.obj (.text:ltoa)
                  000022a6    00000052                                   : _printfi.c.obj (.text:_ecpy)
                  000022f8    0000004c                                   : atoi.c.obj (.text:atoi)
                  00002344    00000048                                   : fd_toi_t2.asm.obj (.text)
                  0000238c    00000044                                   : autoinit.c.obj (.text:__TI_auto_init_nobinit_nopinit:__TI_auto_init_nobinit_nopinit)
                  000023d0    00000040                                   : sprintf.c.obj (.text:sprintf)
                  00002410    0000003e                                   : _printfi.c.obj (.text:_fcpy)
                  0000244e    00000002     --HOLE-- [fill = 0]
                  00002450    00000038                                   : boot_cortex_m.c.obj (.text:_c_int00_noargs:_c_int00_noargs)
                  00002488    00000038                                   : fs_tod_t2.asm.obj (.text)
                  000024c0    0000002e                                   : i_tofd_t2.asm.obj (.text)
                  000024ee    0000001c                                   : memccpy.c.obj (.text:memccpy)
                  0000250a    00000018                                   : sprintf.c.obj (.text:_outs)
                  00002522    00000016                                   : strchr.c.obj (.text:strchr)
                  00002538    00000014                                   : s_copysign.c.obj (.text:copysign)
                  0000254c    00000014                                   : strlen.c.obj (.text:strlen)
                  00002560    00000012                                   : wcslen.c.obj (.text:wcslen)
                  00002572    0000000e                                   : copy_decompress_none.c.obj (.text:decompress:none:__TI_decompress_none)
                  00002580    0000000e     startup_msp432p401r_ccs.obj (.text)
                  0000258e    0000000a     rtsv7M4_T_le_v4SPD16_eabi.lib : sprintf.c.obj (.text:_outc)
                  00002598    00000008                                   : errno.c.obj (.text:__aeabi_errno_addr)
                  000025a0    00000004                                   : pre_init.c.obj (.text:_system_pre_init)
                  000025a4    00000004                                   : exit.c.obj (.text:abort:abort)

.const     0    000025a8    0000010b     
                  000025a8    00000101     rtsv7M4_T_le_v4SPD16_eabi.lib : ctype.c.obj (.const:.string:_ctypes_)
                  000026a9    0000000a     main.obj (.const:.string:$P$T0$1)

.cinit     0    000026b8    0000001c     
                  000026b8    0000000b     (.cinit..data.load) [load image, compression = lzss]
                  000026c3    00000001     --HOLE-- [fill = 0]
                  000026c4    00000008     (__TI_handler_table)
                  000026cc    00000008     (__TI_cinit_table)

.init_array 
*          0    00000000    00000000     UNINITIALIZED

.binit     0    00000000    00000000     

.data      0    20000000    00000010     UNINITIALIZED
                  20000000    00000008     main.obj (.data)
                  20000008    00000004     rtsv7M4_T_le_v4SPD16_eabi.lib : errno.c.obj (.data)
                  2000000c    00000004     system_msp432p401r.obj (.data)

.stack     0    2000fe00    00000200     UNINITIALIZED
                  2000fe00    00000004     rtsv7M4_T_le_v4SPD16_eabi.lib : boot_cortex_m.c.obj (.stack)
                  2000fe04    000001fc     --HOLE--

MODULE SUMMARY

       Module                        code   ro data   rw data
       ------                        ----   -------   -------
    .\
       system_msp432p401r.obj        820    0         8      
       main.obj                      724    10        16     
       startup_msp432p401r_ccs.obj   14     228       0      
    +--+-----------------------------+------+---------+---------+
       Total:                        1558   238       24     
                                                             
    C:\ti\ccsv8\tools\compiler\ti-cgt-arm_18.1.4.LTS\lib\rtsv7M4_T_le_v4SPD16_eabi.lib
       _printfi.c.obj                4867   0         0      
       fd_add_t2.asm.obj             438    0         0      
       fd_div_t2.asm.obj             310    0         0      
       s_scalbn.c.obj                272    0         0      
       fd_cmp_t2.asm.obj             268    0         0      
       ctype.c.obj                   0      257       0      
       fd_mul_t2.asm.obj             252    0         0      
       memcpy_t2.asm.obj             156    0         0      
       ull_div_t2.asm.obj            150    0         0      
       memset_t2.asm.obj             122    0         0      
       fd_tos_t2.asm.obj             110    0         0      
       copy_decompress_lzss.c.obj    104    0         0      
       s_frexp.c.obj                 100    0         0      
       sprintf.c.obj                 98     0         0      
       ltoa.c.obj                    84     0         0      
       atoi.c.obj                    76     0         0      
       fd_toi_t2.asm.obj             72     0         0      
       autoinit.c.obj                68     0         0      
       boot_cortex_m.c.obj           56     0         0      
       fs_tod_t2.asm.obj             56     0         0      
       i_tofd_t2.asm.obj             46     0         0      
       memccpy.c.obj                 28     0         0      
       strchr.c.obj                  22     0         0      
       s_copysign.c.obj              20     0         0      
       strlen.c.obj                  20     0         0      
       wcslen.c.obj                  18     0         0      
       errno.c.obj                   8      0         8      
       copy_decompress_none.c.obj    14     0         0      
       exit.c.obj                    4      0         0      
       pre_init.c.obj                4      0         0      
       div0.asm.obj                  2      0         0      
    +--+-----------------------------+------+---------+---------+
       Total:                        7845   257       8      
                                                             
       Stack:                        0      0         1024   
       Linker Generated:             0      27        0      
    +--+-----------------------------+------+---------+---------+
       Grand Total:                  9403   522       1056   


LINKER GENERATED COPY TABLES

__TI_cinit_table @ 000026cc records: 1, size/record: 8, table size: 8
	.data: load addr=000026b8, load size=0000000b bytes, run addr=20000000, run size=00000010 bytes, compression=lzss


LINKER GENERATED HANDLER TABLE

__TI_handler_table @ 000026c4 records: 2, size/record: 4, table size: 8
	index: 0, handler: __TI_decompress_lzss
	index: 1, handler: __TI_decompress_none


GLOBAL SYMBOLS: SORTED ALPHABETICALLY BY Name 

address   name                          
-------   ----                          
0000258d  ADC14_IRQHandler              
0000258d  AES256_IRQHandler             
0000258d  BusFault_Handler              
000025a5  C$$EXIT                       
0000258d  COMP_E0_IRQHandler            
0000258d  COMP_E1_IRQHandler            
0000258d  CS_IRQHandler                 
0000258d  DMA_ERR_IRQHandler            
0000258d  DMA_INT0_IRQHandler           
0000258d  DMA_INT1_IRQHandler           
0000258d  DMA_INT2_IRQHandler           
0000258d  DMA_INT3_IRQHandler           
0000258d  DebugMon_Handler              
0000258d  Default_Handler               
0000258d  EUSCIA0_IRQHandler            
0000258d  EUSCIA1_IRQHandler            
0000258d  EUSCIA2_IRQHandler            
0000258d  EUSCIA3_IRQHandler            
0000258d  EUSCIB0_IRQHandler            
0000258d  EUSCIB1_IRQHandler            
0000258d  EUSCIB2_IRQHandler            
0000258d  EUSCIB3_IRQHandler            
0000258d  FLCTL_IRQHandler              
0000258d  FPU_IRQHandler                
0000258d  HardFault_Handler             
0000258d  MemManage_Handler             
0000258d  NMI_Handler                   
0000258d  PCM_IRQHandler                
0000100f  PORT1_IRQHandler              
0000100f  PORT1_IRQHandler              
0000258d  PORT2_IRQHandler              
0000258d  PORT3_IRQHandler              
0000258d  PORT4_IRQHandler              
0000258d  PORT5_IRQHandler              
0000258d  PORT6_IRQHandler              
0000258d  PSS_IRQHandler                
0000258d  PendSV_Handler                
00001099  Port_1_init                   
0000258d  RTC_C_IRQHandler              
00002581  Reset_Handler                 
0000258d  SVC_Handler                   
0000258d  SysTick_Handler               
2000000c  SystemCoreClock               
00000b45  SystemCoreClockUpdate         
00000dbd  SystemInit                    
0000258d  T32_INT1_IRQHandler           
0000258d  T32_INT2_IRQHandler           
0000258d  T32_INTC_IRQHandler           
0000105f  TA0_0_IRQHandler              
0000105f  TA0_0_IRQHandler              
0000258d  TA0_N_IRQHandler              
0000258d  TA1_0_IRQHandler              
0000258d  TA1_N_IRQHandler              
0000258d  TA2_0_IRQHandler              
0000258d  TA2_N_IRQHandler              
0000258d  TA3_0_IRQHandler              
0000258d  TA3_N_IRQHandler              
00000ebf  UART_InChar                   
00000e79  UART_Init                     
00000ecf  UART_OutChar                  
00000eeb  UART_OutString                
0000258d  UsageFault_Handler            
4000480c  WDTCTL_SYM                    
0000258d  WDT_A_IRQHandler              
20010000  __STACK_END                   
00000200  __STACK_SIZE                  
000026cc  __TI_CINIT_Base               
000026d4  __TI_CINIT_Limit              
000026c4  __TI_Handler_Table_Base       
000026cc  __TI_Handler_Table_Limit      
0000238d  __TI_auto_init_nobinit_nopinit
0000212f  __TI_decompress_lzss          
00002573  __TI_decompress_none          
ffffffff  __TI_pprof_out_hndl           
000000e5  __TI_printfi                  
ffffffff  __TI_prof_data_size           
ffffffff  __TI_prof_data_start          
00000000  __TI_static_base__            
00001ecd  __aeabi_cdcmpeq               
00001ecd  __aeabi_cdcmple               
00001f53  __aeabi_cdrcmple              
000020c1  __aeabi_d2f                   
00002345  __aeabi_d2iz                  
00001597  __aeabi_dadd                  
00001881  __aeabi_ddiv                  
00001bed  __aeabi_dmul                  
0000158d  __aeabi_dsub                  
00002599  __aeabi_errno_addr            
00002489  __aeabi_f2d                   
000024c1  __aeabi_i2d                   
00000b43  __aeabi_idiv0                 
00000b43  __aeabi_ldiv0                 
00001fd9  __aeabi_memclr                
00001fd9  __aeabi_memclr4               
00001fd9  __aeabi_memclr8               
00001d9b  __aeabi_memcpy                
00001d9b  __aeabi_memcpy4               
00001d9b  __aeabi_memcpy8               
00001fdb  __aeabi_memset                
00001fdb  __aeabi_memset4               
00001fdb  __aeabi_memset8               
00001e37  __aeabi_uldivmod              
ffffffff  __binit__                     
ffffffff  __c_args__                    
UNDEFED   __mpu_init                    
2000fe00  __stack                       
00002451  _c_int00_noargs               
000025a8  _ctypes_                      
UNDEFED   _system_post_cinit            
000025a1  _system_pre_init              
000025a5  abort                         
000022f9  atoi                          
ffffffff  binit                         
00002539  copysign                      
00002539  copysignl                     
20000008  errno                         
00002199  frexp                         
00002199  frexpl                        
00000000  interruptVectors              
00001add  ldexp                         
00001add  ldexpl                        
00002253  ltoa                          
00000f09  main                          
000024ef  memccpy                       
00001d9b  memcpy                        
00001fe1  memset                        
00001add  scalbn                        
00001add  scalbnl                       
0000107d  set_up_clock                  
000010af  set_up_timer_A                
000023d1  sprintf                       
00002523  strchr                        
0000254d  strlen                        
20000000  timer_ms                      
20000004  total_time                    
00002561  wcslen                        


GLOBAL SYMBOLS: SORTED BY Symbol Address 

address   name                          
-------   ----                          
00000000  __TI_static_base__            
00000000  interruptVectors              
000000e5  __TI_printfi                  
00000200  __STACK_SIZE                  
00000b43  __aeabi_idiv0                 
00000b43  __aeabi_ldiv0                 
00000b45  SystemCoreClockUpdate         
00000dbd  SystemInit                    
00000e79  UART_Init                     
00000ebf  UART_InChar                   
00000ecf  UART_OutChar                  
00000eeb  UART_OutString                
00000f09  main                          
0000100f  PORT1_IRQHandler              
0000100f  PORT1_IRQHandler              
0000105f  TA0_0_IRQHandler              
0000105f  TA0_0_IRQHandler              
0000107d  set_up_clock                  
00001099  Port_1_init                   
000010af  set_up_timer_A                
0000158d  __aeabi_dsub                  
00001597  __aeabi_dadd                  
00001881  __aeabi_ddiv                  
00001add  ldexp                         
00001add  ldexpl                        
00001add  scalbn                        
00001add  scalbnl                       
00001bed  __aeabi_dmul                  
00001d9b  __aeabi_memcpy                
00001d9b  __aeabi_memcpy4               
00001d9b  __aeabi_memcpy8               
00001d9b  memcpy                        
00001e37  __aeabi_uldivmod              
00001ecd  __aeabi_cdcmpeq               
00001ecd  __aeabi_cdcmple               
00001f53  __aeabi_cdrcmple              
00001fd9  __aeabi_memclr                
00001fd9  __aeabi_memclr4               
00001fd9  __aeabi_memclr8               
00001fdb  __aeabi_memset                
00001fdb  __aeabi_memset4               
00001fdb  __aeabi_memset8               
00001fe1  memset                        
000020c1  __aeabi_d2f                   
0000212f  __TI_decompress_lzss          
00002199  frexp                         
00002199  frexpl                        
00002253  ltoa                          
000022f9  atoi                          
00002345  __aeabi_d2iz                  
0000238d  __TI_auto_init_nobinit_nopinit
000023d1  sprintf                       
00002451  _c_int00_noargs               
00002489  __aeabi_f2d                   
000024c1  __aeabi_i2d                   
000024ef  memccpy                       
00002523  strchr                        
00002539  copysign                      
00002539  copysignl                     
0000254d  strlen                        
00002561  wcslen                        
00002573  __TI_decompress_none          
00002581  Reset_Handler                 
0000258d  ADC14_IRQHandler              
0000258d  AES256_IRQHandler             
0000258d  BusFault_Handler              
0000258d  COMP_E0_IRQHandler            
0000258d  COMP_E1_IRQHandler            
0000258d  CS_IRQHandler                 
0000258d  DMA_ERR_IRQHandler            
0000258d  DMA_INT0_IRQHandler           
0000258d  DMA_INT1_IRQHandler           
0000258d  DMA_INT2_IRQHandler           
0000258d  DMA_INT3_IRQHandler           
0000258d  DebugMon_Handler              
0000258d  Default_Handler               
0000258d  EUSCIA0_IRQHandler            
0000258d  EUSCIA1_IRQHandler            
0000258d  EUSCIA2_IRQHandler            
0000258d  EUSCIA3_IRQHandler            
0000258d  EUSCIB0_IRQHandler            
0000258d  EUSCIB1_IRQHandler            
0000258d  EUSCIB2_IRQHandler            
0000258d  EUSCIB3_IRQHandler            
0000258d  FLCTL_IRQHandler              
0000258d  FPU_IRQHandler                
0000258d  HardFault_Handler             
0000258d  MemManage_Handler             
0000258d  NMI_Handler                   
0000258d  PCM_IRQHandler                
0000258d  PORT2_IRQHandler              
0000258d  PORT3_IRQHandler              
0000258d  PORT4_IRQHandler              
0000258d  PORT5_IRQHandler              
0000258d  PORT6_IRQHandler              
0000258d  PSS_IRQHandler                
0000258d  PendSV_Handler                
0000258d  RTC_C_IRQHandler              
0000258d  SVC_Handler                   
0000258d  SysTick_Handler               
0000258d  T32_INT1_IRQHandler           
0000258d  T32_INT2_IRQHandler           
0000258d  T32_INTC_IRQHandler           
0000258d  TA0_N_IRQHandler              
0000258d  TA1_0_IRQHandler              
0000258d  TA1_N_IRQHandler              
0000258d  TA2_0_IRQHandler              
0000258d  TA2_N_IRQHandler              
0000258d  TA3_0_IRQHandler              
0000258d  TA3_N_IRQHandler              
0000258d  UsageFault_Handler            
0000258d  WDT_A_IRQHandler              
00002599  __aeabi_errno_addr            
000025a1  _system_pre_init              
000025a5  C$$EXIT                       
000025a5  abort                         
000025a8  _ctypes_                      
000026c4  __TI_Handler_Table_Base       
000026cc  __TI_CINIT_Base               
000026cc  __TI_Handler_Table_Limit      
000026d4  __TI_CINIT_Limit              
20000000  timer_ms                      
20000004  total_time                    
20000008  errno                         
2000000c  SystemCoreClock               
2000fe00  __stack                       
20010000  __STACK_END                   
4000480c  WDTCTL_SYM                    
ffffffff  __TI_pprof_out_hndl           
ffffffff  __TI_prof_data_size           
ffffffff  __TI_prof_data_start          
ffffffff  __binit__                     
ffffffff  __c_args__                    
ffffffff  binit                         
UNDEFED   __mpu_init                    
UNDEFED   _system_post_cinit            

[136 symbols]
